
 RUN  v2.1.9 <cli-checkout>

 ❯ test/whatsappCli.test.ts (9 tests | 1 failed) 117ms
   × plow-messages --app whatsapp > keeps a group sender unknown when its member is missing 11ms
     → expected { at: '2026-09-27T11:01:39Z', …(7) } to match object { sender: null, …(2) }
(5 matching properties omitted from actual)

⎯⎯⎯⎯⎯⎯⎯ Failed Tests 1 ⎯⎯⎯⎯⎯⎯⎯

 FAIL  test/whatsappCli.test.ts > plow-messages --app whatsapp > keeps a group sender unknown when its member is missing
AssertionError: expected { at: '2026-09-27T11:01:39Z', …(7) } to match object { sender: null, …(2) }
(5 matching properties omitted from actual)

- Expected
+ Received

  Object {
    "chat_guid": "99887@g.us",
    "is_from_me": false,
-   "sender": null,
+   "sender": "99887@g.us",
  }

 ❯ test/whatsappCli.test.ts:114:19
    112|     expect(result.rows).toHaveLength(2);
    113|     for (const row of result.rows) {
    114|       expect(row).toMatchObject({ sender: null, is_from_me: false, cha…
       |                   ^
    115|     }
    116|   });

⎯⎯⎯⎯⎯⎯⎯⎯⎯⎯⎯⎯⎯⎯⎯⎯⎯⎯⎯⎯⎯⎯⎯⎯[1/1]⎯

 Test Files  1 failed (1)
      Tests  1 failed | 8 passed (9)
   Start at  08:13:19
   Duration  355ms (transform 49ms, setup 0ms, collect 46ms, tests 117ms, environment 0ms, prepare 28ms)

